Archive member included because of file (symbol)

E:\EEE226\Assesment_1\Sources\TSS\libTSS_KXX_M0.a(TSS_ASliderDecoder.o)
                              ./Sources/TSS/TSS_SystemSetupData.o (TSS_ASliderDecoder)
E:\EEE226\Assesment_1\Sources\TSS\libTSS_KXX_M0.a(TSS_Filters.o)
                              ./Sources/TSS/TSS_SystemSetupData.o (TSS_KeyDetectorInitPrevCapSample)
E:\EEE226\Assesment_1\Sources\TSS\libTSS_KXX_M0.a(TSS_KeyDetectorNormal.o)
                              ./Sources/TSS/TSS_SystemSetupData.o (TSS_KeyBasicStuckKeyControl)
E:\EEE226\Assesment_1\Sources\TSS\libTSS_KXX_M0.a(TSS_KeyDetector.o)
                              E:\EEE226\Assesment_1\Sources\TSS\libTSS_KXX_M0.a(TSS_KeyDetectorNormal.o) (TSS_KeyDetectorResetElectrodeDebouncing)
E:\EEE226\Assesment_1\Sources\TSS\libTSS_KXX_M0.a(TSS_Main.o)
                              ./Generated_Code/TSS1.o (TSS_Init)
c:/freescale/kds_3.0.0/toolchain/bin/../lib/gcc/arm-none-eabi/4.8.4/armv6-m\libgcc.a(_thumb1_case_uqi.o)
                              E:\EEE226\Assesment_1\Sources\TSS\libTSS_KXX_M0.a(TSS_ASliderDecoder.o) (__gnu_thumb1_case_uqi)
c:/freescale/kds_3.0.0/toolchain/bin/../lib/gcc/arm-none-eabi/4.8.4/armv6-m\libgcc.a(_udivsi3.o)
                              E:\EEE226\Assesment_1\Sources\TSS\libTSS_KXX_M0.a(TSS_ASliderDecoder.o) (__aeabi_uidiv)
c:/freescale/kds_3.0.0/toolchain/bin/../lib/gcc/arm-none-eabi/4.8.4/armv6-m\libgcc.a(_divsi3.o)
                              E:\EEE226\Assesment_1\Sources\TSS\libTSS_KXX_M0.a(TSS_Filters.o) (__aeabi_idiv)
c:/freescale/kds_3.0.0/toolchain/bin/../lib/gcc/arm-none-eabi/4.8.4/armv6-m\libgcc.a(_dvmd_tls.o)
                              c:/freescale/kds_3.0.0/toolchain/bin/../lib/gcc/arm-none-eabi/4.8.4/armv6-m\libgcc.a(_udivsi3.o) (__aeabi_idiv0)
c:/freescale/kds_3.0.0/toolchain/bin/../lib/gcc/arm-none-eabi/4.8.4/armv6-m\libgcc.a(_arm_cmpsf2.o)
                              ./Sources/main.o (__aeabi_fcmplt)
c:/freescale/kds_3.0.0/toolchain/bin/../lib/gcc/arm-none-eabi/4.8.4/armv6-m\libgcc.a(_fixunssfsi.o)
                              ./Generated_Code/BLUE_LED.o (__aeabi_f2uiz)
c:/freescale/kds_3.0.0/toolchain/bin/../lib/gcc/arm-none-eabi/4.8.4/armv6-m\libgcc.a(addsf3.o)
                              ./Sources/main.o (__aeabi_fadd)
c:/freescale/kds_3.0.0/toolchain/bin/../lib/gcc/arm-none-eabi/4.8.4/armv6-m\libgcc.a(eqsf2.o)
                              c:/freescale/kds_3.0.0/toolchain/bin/../lib/gcc/arm-none-eabi/4.8.4/armv6-m\libgcc.a(_arm_cmpsf2.o) (__eqsf2)
c:/freescale/kds_3.0.0/toolchain/bin/../lib/gcc/arm-none-eabi/4.8.4/armv6-m\libgcc.a(gesf2.o)
                              c:/freescale/kds_3.0.0/toolchain/bin/../lib/gcc/arm-none-eabi/4.8.4/armv6-m\libgcc.a(_arm_cmpsf2.o) (__gesf2)
c:/freescale/kds_3.0.0/toolchain/bin/../lib/gcc/arm-none-eabi/4.8.4/armv6-m\libgcc.a(lesf2.o)
                              c:/freescale/kds_3.0.0/toolchain/bin/../lib/gcc/arm-none-eabi/4.8.4/armv6-m\libgcc.a(_arm_cmpsf2.o) (__lesf2)
c:/freescale/kds_3.0.0/toolchain/bin/../lib/gcc/arm-none-eabi/4.8.4/armv6-m\libgcc.a(mulsf3.o)
                              ./Generated_Code/BLUE_LED.o (__aeabi_fmul)
c:/freescale/kds_3.0.0/toolchain/bin/../lib/gcc/arm-none-eabi/4.8.4/armv6-m\libgcc.a(subsf3.o)
                              ./Sources/main.o (__aeabi_fsub)
c:/freescale/kds_3.0.0/toolchain/bin/../lib/gcc/arm-none-eabi/4.8.4/armv6-m\libgcc.a(fixsfsi.o)
                              ./Sources/main.o (__aeabi_f2iz)
c:/freescale/kds_3.0.0/toolchain/bin/../lib/gcc/arm-none-eabi/4.8.4/armv6-m\libgcc.a(floatsisf.o)
                              ./Sources/main.o (__aeabi_i2f)
c:/freescale/kds_3.0.0/toolchain/bin/../lib/gcc/arm-none-eabi/4.8.4/armv6-m\libgcc.a(_clzsi2.o)
                              c:/freescale/kds_3.0.0/toolchain/bin/../lib/gcc/arm-none-eabi/4.8.4/armv6-m\libgcc.a(addsf3.o) (__clzsi2)
c:/freescale/kds_3.0.0/toolchain/bin/../lib/gcc/arm-none-eabi/4.8.4/../../../../arm-none-eabi/lib/armv6-m\libg_s.a(lib_a-exit.o)
                              c:/freescale/kds_3.0.0/toolchain/bin/../lib/gcc/arm-none-eabi/4.8.4/../../../../arm-none-eabi/lib/armv6-m/crt0.o (exit)
c:/freescale/kds_3.0.0/toolchain/bin/../lib/gcc/arm-none-eabi/4.8.4/../../../../arm-none-eabi/lib/armv6-m\libg_s.a(lib_a-impure.o)
                              c:/freescale/kds_3.0.0/toolchain/bin/../lib/gcc/arm-none-eabi/4.8.4/../../../../arm-none-eabi/lib/armv6-m\libg_s.a(lib_a-exit.o) (_global_impure_ptr)
c:/freescale/kds_3.0.0/toolchain/bin/../lib/gcc/arm-none-eabi/4.8.4/../../../../arm-none-eabi/lib/armv6-m\libg_s.a(lib_a-init.o)
                              c:/freescale/kds_3.0.0/toolchain/bin/../lib/gcc/arm-none-eabi/4.8.4/../../../../arm-none-eabi/lib/armv6-m/crt0.o (__libc_init_array)
c:/freescale/kds_3.0.0/toolchain/bin/../lib/gcc/arm-none-eabi/4.8.4/../../../../arm-none-eabi/lib/armv6-m\libg_s.a(lib_a-memset.o)
[...]
Memory Configuration

Name             Origin             Length             Attributes
m_interrupts     0x00000000         0x000000c0         xr
m_text           0x00000410         0x0001fbf0         xr
m_data           0x1ffff000         0x00004000         rw
m_cfmprotrom     0x00000400         0x00000010         xr
*default*        0x00000000         0xffffffff

Linker script and memory map

LOAD c:/freescale/kds_3.0.0/toolchain/bin/../lib/gcc/arm-none-eabi/4.8.4/armv6-m/crti.o
LOAD c:/freescale/kds_3.0.0/toolchain/bin/../lib/gcc/arm-none-eabi/4.8.4/armv6-m/crtbegin.o
LOAD c:/freescale/kds_3.0.0/toolchain/bin/../lib/gcc/arm-none-eabi/4.8.4/../../../../arm-none-eabi/lib/armv6-m/crt0.o
LOAD ./Sources/TSS/TSS_Freemaster.o
LOAD ./Sources/TSS/TSS_Sensor.o
LOAD ./Sources/TSS/TSS_SensorGPIO.o
LOAD ./Sources/TSS/TSS_SensorTSI.o
LOAD ./Sources/TSS/TSS_SensorTSIL.o
LOAD ./Sources/TSS/TSS_SystemSetupData.o
LOAD ./Sources/Events.o
LOAD ./Sources/main.o
LOAD ./Project_Settings/Startup_Code/startup.o
LOAD ./Generated_Code/BLUE_LED.o
LOAD ./Generated_Code/Cpu.o
LOAD ./Generated_Code/GREEN_LED.o
LOAD ./Generated_Code/PE_LDD.o
LOAD ./Generated_Code/RED_LED.o
LOAD ./Generated_Code/TSS1.o
LOAD ./Generated_Code/TU1.o
LOAD ./Generated_Code/TU2.o
LOAD ./Generated_Code/Vectors.o
LOAD E:\EEE226\Assesment_1\Sources\TSS\libTSS_KXX_M0.a
LOAD c:/freescale/kds_3.0.0/toolchain/bin/../lib/gcc/arm-none-eabi/4.8.4/../../../../arm-none-eabi/lib/armv6-m\libstdc++_s.a
LOAD c:/freescale/kds_3.0.0/toolchain/bin/../lib/gcc/arm-none-eabi/4.8.4/../../../../arm-none-eabi/lib/armv6-m\libm.a
START GROUP
LOAD c:/freescale/kds_3.0.0/toolchain/bin/../lib/gcc/arm-none-eabi/4.8.4/armv6-m\libgcc.a
LOAD c:/freescale/kds_3.0.0/toolchain/bin/../lib/gcc/arm-none-eabi/4.8.4/../../../../arm-none-eabi/lib/armv6-m\libg_s.a
LOAD c:/freescale/kds_3.0.0/toolchain/bin/../lib/gcc/arm-none-eabi/4.8.4/../../../../arm-none-eabi/lib/armv6-m\libc_s.a
END GROUP
START GROUP
LOAD c:/freescale/kds_3.0.0/toolchain/bin/../lib/gcc/arm-none-eabi/4.8.4/armv6-m\libgcc.a
LOAD c:/freescale/kds_3.0.0/toolchain/bin/../lib/gcc/arm-none-eabi/4.8.4/../../../../arm-none-eabi/lib/armv6-m\libc_s.a
LOAD c:/freescale/kds_3.0.0/toolchain/bin/../lib/gcc/arm-none-eabi/4.8.4/../../../../arm-none-eabi/lib/armv6-m\libnosys.a
END GROUP
START GROUP
LOAD c:/freescale/kds_3.0.0/toolchain/bin/../lib/gcc/arm-none-eabi/4.8.4/armv6-m\libgcc.a
LOAD c:/freescale/kds_3.0.0/toolchain/bin/../lib/gcc/arm-none-eabi/4.8.4/../../../../arm-none-eabi/lib/armv6-m\libc_s.a
LOAD c:/freescale/kds_3.0.0/toolchain/bin/../lib/gcc/arm-none-eabi/4.8.4/../../../../arm-none-eabi/lib/armv6-m\libnosys.a
END GROUP
LOAD c:/freescale/kds_3.0.0/toolchain/bin/../lib/gcc/arm-none-eabi/4.8.4/armv6-m/crtend.o
LOAD c:/freescale/kds_3.0.0/toolchain/bin/../lib/gcc/arm-none-eabi/4.8.4/armv6-m/crtn.o
                0x20003000                _estack = 0x20003000
                0x20003000                __SP_INIT = _estack
                0x20003000                __stack = _estack
                0x00000000                __heap_size = 0x0
                0x00000400                __stack_size = 0x400

.interrupts     0x00000000       0xc0
                0x00000000                __vector_table = .
                0x00000000                . = ALIGN (0x4)
 *(.vectortable)
 .vectortable   0x00000000       0xc0 ./Generated_Code/Vectors.o
                0x00000000                __vect_table
                0x000000c0                . = ALIGN (0x4)

.cfmprotect     0x00000400       0x10
                0x00000400                . = ALIGN (0x4)
 *(.cfmconfig)
 .cfmconfig     0x00000400       0x10 ./Generated_Code/Cpu.o
                0x00000400                _cfm
                0x00000410                . = ALIGN (0x4)

.text           0x00000410     0x5b70
                0x00000410                . = ALIGN (0x4)
 *(.text)
 .text          0x00000410       0x60 c:/freescale/kds_3.0.0/toolchain/bin/../lib/gcc/arm-none-eabi/4.8.4/armv6-m/crtbegin.o
 .text          0x00000470       0x78 c:/freescale/kds_3.0.0/toolchain/bin/../lib/gcc/arm-none-eabi/4.8.4/../../../../arm-none-eabi/lib/armv6-m/crt0.o
                0x00000470                _start
                0x00000470                _mainCRTStartup
 .text          0x000004e8      0x760 E:\EEE226\Assesment_1\Sources\TSS\libTSS_KXX_M0.a(TSS_ASliderDecoder.o)
                0x000004e8                TSS_ASliderDecoder
                0x00000920                TSS_ASliderCalculatePosIIRFilter
                0x00000984                TSS_ASliderDelayControl
                0x000009fc                TSS_ASliderTrendThreshold
                0x00000a24                TSS_ASliderTrendControl
                0x00000b14                TSS_SetASliderConfig
                0x00000c14                TSS_GetASliderConfig
 .text          0x00000c48      0x1c8 E:\EEE226\Assesment_1\Sources\TSS\libTSS_KXX_M0.a(TSS_Filters.o)
                0x00000c48                TSS_u16NoiseAmplitudeFilter
                0x00000c7c                TSS_i8NoiseAmplitudeFilter
                0x00000cb2                TSS_ShieldEquation
                0x00000d14                TSS_KeyDetectorInitPrevCapSample
                0x00000d28                TSS_KeyDetectorCalculateIIRFilter
                0x00000d48                TSS_KeyDetectorCalculateShielding
                0x00000d5c                TSS_KeyDetectorSignalDivider
                0x00000d78                TSS_KeyDetectorSignalMultiplier
                0x00000da8                TSS_SubUInt16WithUInt16ToSInt16
                0x00000dd4                TSS_ShiftSInt16ToUInt16
                0x00000de0                TSS_CutSInt16ToSInt8
                0x00000df8                TSS_SensitivityLowLimitControl
 .text          0x00000e10      0x854 E:\EEE226\Assesment_1\Sources\TSS\libTSS_KXX_M0.a(TSS_KeyDetectorNormal.o)
                0x00000e88                TSS_KeyBasicStuckKeyControl
                0x00000ed4                TSS_KeyBasicDetect
                0x00001084                TSS_KeyBasicNegativeBaselineDrop
                0x00001110                TSS_KeyBasicElectrodeEval
                0x0000137c                TSS_KeyBasicSensAutoCalibration
                0x000015bc                TSS_KeyBasicDeltaNoiseAnalysisIIRControl
                0x00001630                TSS_KeyBasicGetSystemDataContext
 .text          0x00001664      0x6c8 E:\EEE226\Assesment_1\Sources\TSS\libTSS_KXX_M0.a(TSS_KeyDetector.o)
                0x000016a4                TSS_KeyDetectorResetElectrodeDebouncing
                0x000016c0                TSS_KeyDetectorResetElectrode
                0x000016d4                TSS_KeyDetectorRestartElectrode
                0x0000171c                TSS_KeyDetectorRecalibrateModules
                0x00001730                TSS_KeyDetectorInit
                0x00001768                TSS_KeyDetectorResetElectrodeMeasured
                0x00001790                TSS_KeyDetectorCalculateDelta
                0x000017b0                TSS_KeyDetectorFillDeltaLogBuffer
                0x000017c8                TSS_KeyDetectorFillSignalLogBuffer
                0x000017dc                TSS_KeyDetectorResetStuckKeyCounter
                0x000017e8                TSS_KeyDetectorGetDCTrackerCounter
                0x000017f4                TSS_KeyDetectorGetSlowDCTrackerCounter
                0x00001800                TSS_KeyDetectorCalibrate
                0x00001824                TSS_KeyDetectorReleaseElectrode
                0x00001844                TSS_KeyDetectorMainSequenced
                0x00001a08                TSS_KeyDetectorMain
                0x00001bb8                TSS_KeyDetectorElectrodeStatusUpdate
                0x00001bec                TSS_KeyDetectorGetElectrodeGroupStatus
                0x00001c28                TSS_KeyDetectorGetElectrodeEnablerStatus
                0x00001cdc                TSS_KeyDetectorRecalibrationRequest
                0x00001cf0                TSS_KeyDetectorGetShieldElectrodeReleaseStatus
 .text          0x00001d2c     0x10a0 E:\EEE226\Assesment_1\Sources\TSS\libTSS_KXX_M0.a(TSS_Main.o)
                0x00001dc4                TSS_InitRegisterArrays
                0x00001e1c                TSS_InitInternalArrays
                0x00001e6c                TSS_Init
                0x00001ed0                TSS_DataCorruptionCheck
                0x00001f84                TSS_FaultEvaluation
                0x00001ffc                TSS_DecodersControl
                0x00002068                TSS_TriggerControl
                0x000020bc                TSS_Task
                0x00002194                TSS_TaskSeq
                0x0000226c                TSS_InternalControlPrivateData
                0x00002290                TSS_SetControlPrivateData
                0x000022a4                TSS_GetControlPrivateData
                0x000022c0                TSS_GetControlStruct
                0x000022e0                TSS_GetControlNumberOfElectrodes
                0x00002300                TSS_GetControlFirstElectrodeIndex
                0x00002324                TSS_GetControlLastElectrodeIndex
                0x0000234c                TSS_GetControlElectrodeIndex
                0x00002374                TSS_SetControlElectrodesEnablers
                0x000023fc                TSS_GetControlElectrodesStatus
                0x00002424                TSS_TriggerConfig
                0x00002498                TSS_LowPowerConfig
                0x0000253c                TSS_ProximityConfig
                0x00002594                TSS_SetSystemConfig
                0x000028c8                TSS_GetSystemConfig
                0x000029e8                TSS_BrowseModules
                0x00002a90                TSS_LoadElectrodeData
                0x00002b38                TSS_StoreElectrodeData
                0x00002bb8                TSS_LoadModulesData
                0x00002c20                TSS_StoreModulesData
                0x00002c64                TSS_LoadAllSystemData
                0x00002d10                TSS_StoreAllSystemData
 .text          0x00002dcc       0x14 c:/freescale/kds_3.0.0/toolchain/bin/../lib/gcc/arm-none-eabi/4.8.4/armv6-m\libgcc.a(_thumb1_case_uqi.o)
                0x00002dcc                __gnu_thumb1_case_uqi
 .text          0x00002de0       0x9c c:/freescale/kds_3.0.0/toolchain/bin/../lib/gcc/arm-none-eabi/4.8.4/armv6-m\libgcc.a(_udivsi3.o)
                0x00002de0                __aeabi_uidiv
                0x00002de0                __udivsi3
                0x00002e68                __aeabi_uidivmod
 .text          0x00002e7c       0xc0 c:/freescale/kds_3.0.0/toolchain/bin/../lib/gcc/arm-none-eabi/4.8.4/armv6-m\libgcc.a(_divsi3.o)
                0x00002e7c                __divsi3
                0x00002e7c                __aeabi_idiv
                0x00002f28                __aeabi_idivmod
 .text          0x00002f3c        0x4 c:/freescale/kds_3.0.0/toolchain/bin/../lib/gcc/arm-none-eabi/4.8.4/armv6-m\libgcc.a(_dvmd_tls.o)
                0x00002f3c                __aeabi_idiv0
                0x00002f3c                __aeabi_ldiv0
 .text          0x00002f40       0x74 c:/freescale/kds_3.0.0/toolchain/bin/../lib/gcc/arm-none-eabi/4.8.4/armv6-m\libgcc.a(_arm_cmpsf2.o)
                0x00002f40                __aeabi_cfrcmple
                0x00002f48                __aeabi_cfcmpeq
                0x00002f48                __aeabi_cfcmple
                0x00002f58                __aeabi_fcmpeq
                0x00002f64                __aeabi_fcmplt
                0x00002f78                __aeabi_fcmple
                0x00002f8c                __aeabi_fcmpgt
                0x00002fa0                __aeabi_fcmpge
 .text          0x00002fb4      0x2d8 c:/freescale/kds_3.0.0/toolchain/bin/../lib/gcc/arm-none-eabi/4.8.4/armv6-m\libgcc.a(addsf3.o)
                0x00002fb4                __aeabi_fadd
 .text          0x0000328c       0x54 c:/freescale/kds_3.0.0/toolchain/bin/../lib/gcc/arm-none-eabi/4.8.4/armv6-m\libgcc.a(eqsf2.o)
                0x0000328c                __eqsf2
                0x0000328c                __nesf2
 .text          0x000032e0       0x90 c:/freescale/kds_3.0.0/toolchain/bin/../lib/gcc/arm-none-eabi/4.8.4/armv6-m\libgcc.a(gesf2.o)
                0x000032e0                __gesf2
                0x000032e0                __gtsf2
 .text          0x00003370       0x98 c:/freescale/kds_3.0.0/toolchain/bin/../lib/gcc/arm-none-eabi/4.8.4/armv6-m\libgcc.a(lesf2.o)
                0x00003370                __ltsf2
                0x00003370                __lesf2
 .text          0x00003408      0x2ec c:/freescale/kds_3.0.0/toolchain/bin/../lib/gcc/arm-none-eabi/4.8.4/armv6-m\libgcc.a(subsf3.o)
                0x00003408                __aeabi_fsub
 .text          0x000036f4       0x40 c:/freescale/kds_3.0.0/toolchain/bin/../lib/gcc/arm-none-eabi/4.8.4/armv6-m\libgcc.a(fixsfsi.o)
                0x000036f4                __aeabi_f2iz
 .text          0x00003734       0xb8 c:/freescale/kds_3.0.0/toolchain/bin/../lib/gcc/arm-none-eabi/4.8.4/armv6-m\libgcc.a(floatsisf.o)
                0x00003734                __aeabi_i2f
 .text          0x000037ec       0x3c c:/freescale/kds_3.0.0/toolchain/bin/../lib/gcc/arm-none-eabi/4.8.4/armv6-m\libgcc.a(_clzsi2.o)
                0x000037ec                __clzsi2
 *(.text*)
 .text.TSS_SensorInitCallback
                0x00003828       0x3c ./Sources/TSS/TSS_Sensor.o
                0x00003828                TSS_SensorInitCallback
 .text.TSS_SensorInit
                0x00003864       0x2c ./Sources/TSS/TSS_Sensor.o
                0x00003864                TSS_SensorInit
 .text.TSIL_InitModule
                0x00003890       0x38 ./Sources/TSS/TSS_SensorTSIL.o
                0x00003890                TSIL_InitModule
 .text.TSIL_SetNSamples
                0x000038c8       0x68 ./Sources/TSS/TSS_SensorTSIL.o
                0x000038c8                TSIL_SetNSamples
 .text.TSIL_InitLowPower
                0x00003930       0x90 ./Sources/TSS/TSS_SensorTSIL.o
                0x00003930                TSIL_InitLowPower
 .text.TSIL_InitPEN
                0x000039c0      0x248 ./Sources/TSS/TSS_SensorTSIL.o
                0x000039c0                TSIL_InitPEN
 .text.TSIL_Recalibrate
                0x00003c08      0x60c ./Sources/TSS/TSS_SensorTSIL.o
                0x00003c08                TSIL_Recalibrate
 .text.TSIL_InitThresholds
                0x00004214      0x118 ./Sources/TSS/TSS_SensorTSIL.o
                0x00004214                TSIL_InitThresholds
 .text.TSIL_InitTrigger
                0x0000432c      0x1b8 ./Sources/TSS/TSS_SensorTSIL.o
                0x0000432c                TSIL_InitTrigger
 .text.TSIL_MethodControl
                0x000044e4      0x340 ./Sources/TSS/TSS_SensorTSIL.o
                0x000044e4                TSIL_MethodControl
 .text.TSIL_ReadCounter
                0x00004824       0xcc ./Sources/TSS/TSS_SensorTSIL.o
                0x00004824                TSIL_ReadCounter
 .text.TSIL_HandleMeasurement
                0x000048f0       0xf8 ./Sources/TSS/TSS_SensorTSIL.o
                0x000048f0                TSIL_HandleMeasurement
 .text.TSIL_SampleElectrode
                0x000049e8      0x288 ./Sources/TSS/TSS_SensorTSIL.o
                0x000049e8                TSIL_SampleElectrode
 .text.TSS_TSI0Isr
                0x00004c70      0x1d4 ./Sources/TSS/TSS_SensorTSIL.o
                0x00004c70                TSS_TSI0Isr
 .text.TSS_IIRFilterEquation
                0x00004e44       0x30 ./Sources/TSS/TSS_SystemSetupData.o
                0x00004e44                TSS_IIRFilterEquation
 .text.Cpu_OnNMIINT
                0x00004e74        0x8 ./Sources/Events.o
                0x00004e74                Cpu_OnNMIINT
 .text.TSS1_fOnFault
                0x00004e7c       0x3c ./Sources/Events.o
                0x00004e7c                TSS1_fOnFault
 .text.TSS1_fOnInit
                0x00004eb8        0xc ./Sources/Events.o
                0x00004eb8                TSS1_fOnInit
 .text.TSS1_fCallBack0
                0x00004ec4       0x3c ./Sources/Events.o
                0x00004ec4                TSS1_fCallBack0
 .text.turn_on_the_light
                0x00004f00      0x10c ./Sources/main.o
                0x00004f00                turn_on_the_light
 .text.turn_off
                0x0000500c      0x10c ./Sources/main.o
                0x0000500c                turn_off
 .text.main     0x00005118       0xfc ./Sources/main.o
                0x00005118                main
 .text.__copy_rom_section
                0x00005214       0xd8 ./Project_Settings/Startup_Code/startup.o
                0x00005214                __copy_rom_section
 .text.__copy_rom_sections_to_ram
                0x000052ec       0x98 ./Project_Settings/Startup_Code/startup.o
                0x000052ec                __copy_rom_sections_to_ram
 .text.__init_registers
                0x00005384        0x8 ./Project_Settings/Startup_Code/startup.o
                0x00005384                __init_registers
 .text.__init_user
                0x0000538c        0x8 ./Project_Settings/Startup_Code/startup.o
                0x0000538c                __init_user
 .text.__thumb_startup
                0x00005394       0x30 ./Project_Settings/Startup_Code/startup.o
                0x00005394                __thumb_startup
 .text.BLUE_LED_Init
                0x000053c4       0x54 ./Generated_Code/BLUE_LED.o
                0x000053c4                BLUE_LED_Init
 .text.BLUE_LED_SetRatio16
                0x00005418       0x2c ./Generated_Code/BLUE_LED.o
                0x00005418                BLUE_LED_SetRatio16
 .text.SetRatio
                0x00005444       0x68 ./Generated_Code/BLUE_LED.o
 .text.Cpu_INT_NMIInterrupt
                0x000054ac        0xc ./Generated_Code/Cpu.o
                0x000054ac                Cpu_INT_NMIInterrupt
 .text.Cpu_Interrupt
                0x000054b8        0xc ./Generated_Code/Cpu.o
                0x000054b8                Cpu_Interrupt
 .text.__init_hardware
                0x000054c4      0x110 ./Generated_Code/Cpu.o
                0x000054c4                __init_hardware
 .text.PE_low_level_init
                0x000055d4       0xfc ./Generated_Code/Cpu.o
                0x000055d4                PE_low_level_init
 .text.GREEN_LED_Init
                0x000056d0       0x54 ./Generated_Code/GREEN_LED.o
                0x000056d0                GREEN_LED_Init
 .text.GREEN_LED_SetRatio16
                0x00005724       0x2c ./Generated_Code/GREEN_LED.o
                0x00005724                GREEN_LED_SetRatio16
 .text.SetRatio
                0x00005750       0x68 ./Generated_Code/GREEN_LED.o
 .text.RED_LED_Init
                0x000057b8       0x54 ./Generated_Code/RED_LED.o
                0x000057b8                RED_LED_Init
 .text.RED_LED_SetRatio16
                0x0000580c       0x2c ./Generated_Code/RED_LED.o
                0x0000580c                RED_LED_SetRatio16
 .text.SetRatio
                0x00005838       0x68 ./Generated_Code/RED_LED.o
 .text.TSS1_InitDevices
                0x000058a0       0x44 ./Generated_Code/TSS1.o
                0x000058a0                TSS1_InitDevices
 .text.TSS1_Configure
                0x000058e4      0x170 ./Generated_Code/TSS1.o
                0x000058e4                TSS1_Configure
 .text.TU1_Init
                0x00005a54       0xe0 ./Generated_Code/TU1.o
                0x00005a54                TU1_Init
 .text.TU1_GetPeriodTicks
                0x00005b34       0x3c ./Generated_Code/TU1.o
                0x00005b34                TU1_GetPeriodTicks
 .text.TU1_SetOffsetTicks
                0x00005b70       0x58 ./Generated_Code/TU1.o
                0x00005b70                TU1_SetOffsetTicks
 .text.TU2_Init
                0x00005bc8       0xd8 ./Generated_Code/TU2.o
                0x00005bc8                TU2_Init
 .text.TU2_GetPeriodTicks
                0x00005ca0       0x3c ./Generated_Code/TU2.o
                0x00005ca0                TU2_GetPeriodTicks
 .text.TU2_SetOffsetTicks
                0x00005cdc       0x44 ./Generated_Code/TU2.o
                0x00005cdc                TU2_SetOffsetTicks
 .text.exit     0x00005d20       0x2c c:/freescale/kds_3.0.0/toolchain/bin/../lib/gcc/arm-none-eabi/4.8.4/../../../../arm-none-eabi/lib/armv6-m\libg_s.a(lib_a-exit.o)
                0x00005d20                exit
 .text.__libc_init_array
                0x00005d4c       0x4c c:/freescale/kds_3.0.0/toolchain/bin/../lib/gcc/arm-none-eabi/4.8.4/../../../../arm-none-eabi/lib/armv6-m\libg_s.a(lib_a-init.o)
                0x00005d4c                __libc_init_array
 .text.memset   0x00005d98       0x10 c:/freescale/kds_3.0.0/toolchain/bin/../lib/gcc/arm-none-eabi/4.8.4/../../../../arm-none-eabi/lib/armv6-m\libg_s.a(lib_a-memset.o)
                0x00005d98                memset
 .text._exit    0x00005da8        0x4 c:/freescale/kds_3.0.0/toolchain/bin/../lib/gcc/arm-none-eabi/4.8.4/../../../../arm-none-eabi/lib/armv6-m\libnosys.a(_exit.o)
                0x00005da8                _exit
 *(.rodata)
 .rodata        0x00005dac       0x14 E:\EEE226\Assesment_1\Sources\TSS\libTSS_KXX_M0.a(TSS_KeyDetector.o)
 .rodata        0x00005dc0        0xc E:\EEE226\Assesment_1\Sources\TSS\libTSS_KXX_M0.a(TSS_Main.o)
 *(.rodata*)
 .rodata.tss_faSampleElectrode
                0x00005dcc        0x8 ./Sources/TSS/TSS_Sensor.o
                0x00005dcc                tss_faSampleElectrode
 .rodata.tss_acp8ElectrodeROMData
                0x00005dd4        0x8 ./Sources/TSS/TSS_Sensor.o
                0x00005dd4                tss_acp8ElectrodeROMData
 .rodata.TSS_TSIL0_METHOD_ROMDATA_CONTEXT
                0x00005ddc       0x10 ./Sources/TSS/TSS_SensorTSIL.o
                0x00005ddc                TSS_TSIL0_METHOD_ROMDATA_CONTEXT
 .rodata.TSS_E0_ROMDATA_CONTEXT
                0x00005dec        0xc ./Sources/TSS/TSS_SensorTSIL.o
                0x00005dec                TSS_E0_ROMDATA_CONTEXT
 .rodata.TSS_E1_ROMDATA_CONTEXT
                0x00005df8        0xc ./Sources/TSS/TSS_SensorTSIL.o
                0x00005df8                TSS_E1_ROMDATA_CONTEXT
 .rodata.TSIL_MethodControl
                0x00005e04       0x24 ./Sources/TSS/TSS_SensorTSIL.o
 .rodata.TSIL_SampleElectrode
                0x00005e28       0x28 ./Sources/TSS/TSS_SensorTSIL.o
 .rodata.TSS_C0_INPUTS_GROUP
                0x00005e50        0x4 ./Sources/TSS/TSS_SystemSetupData.o
                0x00005e50                TSS_C0_INPUTS_GROUP
 .rodata.TSS_C0_STRUCTURE_ROM_CONTEXT
                0x00005e54       0x1c ./Sources/TSS/TSS_SystemSetupData.o
                0x00005e54                TSS_C0_STRUCTURE_ROM_CONTEXT
 .rodata.tss_faCallback
                0x00005e70        0x4 ./Sources/TSS/TSS_SystemSetupData.o
                0x00005e70                tss_faCallback
 .rodata.tss_acpsDecRAMContext
                0x00005e74        0x4 ./Sources/TSS/TSS_SystemSetupData.o
                0x00005e74                tss_acpsDecRAMContext
 .rodata.tss_acpsDecROMContext
                0x00005e78        0x4 ./Sources/TSS/TSS_SystemSetupData.o
                0x00005e78                tss_acpsDecROMContext
 .rodata.tss_acpsCSStructs
                0x00005e7c        0x4 ./Sources/TSS/TSS_SystemSetupData.o
                0x00005e7c                tss_acpsCSStructs
 .rodata.tss_faDecoders
                0x00005e80        0x4 ./Sources/TSS/TSS_SystemSetupData.o
                0x00005e80                tss_faDecoders
 .rodata.tss_cau8ShieldPairs
                0x00005e84        0x4 ./Sources/TSS/TSS_SystemSetupData.o
                0x00005e84                tss_cau8ShieldPairs
 .rodata.tss_cau8SignalDivider
                0x00005e88        0x4 ./Sources/TSS/TSS_SystemSetupData.o
                0x00005e88                tss_cau8SignalDivider
 .rodata.tss_cau8SignalMultiplier
                0x00005e8c        0x4 ./Sources/TSS/TSS_SystemSetupData.o
                0x00005e8c                tss_cau8SignalMultiplier
 .rodata.tss_fSetInternalPrivateData
                0x00005e90        0x4 ./Sources/TSS/TSS_SystemSetupData.o
                0x00005e90                tss_fSetInternalPrivateData
 .rodata.tss_fDecodersControl
                0x00005e94        0x4 ./Sources/TSS/TSS_SystemSetupData.o
                0x00005e94                tss_fDecodersControl
 .rodata.tss_cu8NumElecs
                0x00005e98        0x1 ./Sources/TSS/TSS_SystemSetupData.o
                0x00005e98                tss_cu8NumElecs
 .rodata.tss_cu8NumCtrls
                0x00005e99        0x1 ./Sources/TSS/TSS_SystemSetupData.o
                0x00005e99                tss_cu8NumCtrls
 .rodata.tss_cu8ElecBitFldLn
                0x00005e9a        0x1 ./Sources/TSS/TSS_SystemSetupData.o
                0x00005e9a                tss_cu8ElecBitFldLn
 *fill*         0x00005e9b        0x1 
 .rodata.tss_fCalculateIIRFilter
                0x00005e9c        0x4 ./Sources/TSS/TSS_SystemSetupData.o
                0x00005e9c                tss_fCalculateIIRFilter
 .rodata.tss_fCalculateShielding
                0x00005ea0        0x4 ./Sources/TSS/TSS_SystemSetupData.o
                0x00005ea0                tss_fCalculateShielding
 .rodata.tss_fInitPrevCapSample
                0x00005ea4        0x4 ./Sources/TSS/TSS_SystemSetupData.o
                0x00005ea4                tss_fInitPrevCapSample
 .rodata.tss_fFillDeltaLogBuffer
                0x00005ea8        0x4 ./Sources/TSS/TSS_SystemSetupData.o
                0x00005ea8                tss_fFillDeltaLogBuffer
 .rodata.tss_fFillSignalLogBuffer
                0x00005eac        0x4 ./Sources/TSS/TSS_SystemSetupData.o
                0x00005eac                tss_fFillSignalLogBuffer
 .rodata.tss_fDataCorruptionCheck
                0x00005eb0        0x4 ./Sources/TSS/TSS_SystemSetupData.o
                0x00005eb0                tss_fDataCorruptionCheck
 .rodata.tss_fFmstrCall
                0x00005eb4        0x4 ./Sources/TSS/TSS_SystemSetupData.o
                0x00005eb4                tss_fFmstrCall
 .rodata.tss_fTriggerConfig
                0x00005eb8        0x4 ./Sources/TSS/TSS_SystemSetupData.o
                0x00005eb8                tss_fTriggerConfig
 .rodata.tss_fTriggerControl
                0x00005ebc        0x4 ./Sources/TSS/TSS_SystemSetupData.o
                0x00005ebc                tss_fTriggerControl
 .rodata.tss_fLowPowerConfig
                0x00005ec0        0x4 ./Sources/TSS/TSS_SystemSetupData.o
                0x00005ec0                tss_fLowPowerConfig
 .rodata.tss_fOnFault
                0x00005ec4        0x4 ./Sources/TSS/TSS_SystemSetupData.o
                0x00005ec4                tss_fOnFault
 .rodata.tss_fOnInit
                0x00005ec8        0x4 ./Sources/TSS/TSS_SystemSetupData.o
                0x00005ec8                tss_fOnInit
 .rodata.tss_cu8APosFilterWeight
                0x00005ecc        0x1 ./Sources/TSS/TSS_SystemSetupData.o
                0x00005ecc                tss_cu8APosFilterWeight
 *fill*         0x00005ecd        0x3 
 .rodata.tss_fASliderCalculatePosIIRFilter
                0x00005ed0        0x4 ./Sources/TSS/TSS_SystemSetupData.o
                0x00005ed0                tss_fASliderCalculatePosIIRFilter
 .rodata.tss_cu8ASliderDelayBufferLength
                0x00005ed4        0x1 ./Sources/TSS/TSS_SystemSetupData.o
                0x00005ed4                tss_cu8ASliderDelayBufferLength
 *fill*         0x00005ed5        0x3 
 .rodata.tss_fASliderDelayControl
                0x00005ed8        0x4 ./Sources/TSS/TSS_SystemSetupData.o
                0x00005ed8                tss_fASliderDelayControl
 .rodata.tss_cu8ASliderTrendBufferLength
                0x00005edc        0x1 ./Sources/TSS/TSS_SystemSetupData.o
                0x00005edc                tss_cu8ASliderTrendBufferLength
 .rodata.tss_i8ASliderTrendThreshold
                0x00005edd        0x1 ./Sources/TSS/TSS_SystemSetupData.o
                0x00005edd                tss_i8ASliderTrendThreshold
 *fill*         0x00005ede        0x2 
 .rodata.tss_fASliderTrendThreshold
                0x00005ee0        0x4 ./Sources/TSS/TSS_SystemSetupData.o
                0x00005ee0                tss_fASliderTrendThreshold
 .rodata.tss_fASliderTrendControl
                0x00005ee4        0x4 ./Sources/TSS/TSS_SystemSetupData.o
                0x00005ee4                tss_fASliderTrendControl
 .rodata.tss_fOnProximity
                0x00005ee8        0x4 ./Sources/TSS/TSS_SystemSetupData.o
                0x00005ee8                tss_fOnProximity
 .rodata.tss_fProximityConfig
                0x00005eec        0x4 ./Sources/TSS/TSS_SystemSetupData.o
                0x00005eec                tss_fProximityConfig
 .rodata.tss_fStuckKeyControl
                0x00005ef0        0x4 ./Sources/TSS/TSS_SystemSetupData.o
                0x00005ef0                tss_fStuckKeyControl
 .rodata.tss_fResetStuckKeyCounter
                0x00005ef4        0x4 ./Sources/TSS/TSS_SystemSetupData.o
                0x00005ef4                tss_fResetStuckKeyCounter
 .rodata.tss_fNegativeBaselineDrop
                0x00005ef8        0x4 ./Sources/TSS/TSS_SystemSetupData.o
                0x00005ef8                tss_fNegativeBaselineDrop
 .rodata.tss_fKeyDetectorRecalibrationRequest
                0x00005efc        0x4 ./Sources/TSS/TSS_SystemSetupData.o
                0x00005efc                tss_fKeyDetectorRecalibrationRequest
 .rodata.tss_fSignalDivider
                0x00005f00        0x4 ./Sources/TSS/TSS_SystemSetupData.o
                0x00005f00                tss_fSignalDivider
 .rodata.tss_fSignalMultiplier
                0x00005f04        0x4 ./Sources/TSS/TSS_SystemSetupData.o
                0x00005f04                tss_fSignalMultiplier
 .rodata.tss_fAutoCalibration
                0x00005f08        0x4 ./Sources/TSS/TSS_SystemSetupData.o
                0x00005f08                tss_fAutoCalibration
 .rodata.tss_fSensitivityLowLimitControl
                0x00005f0c        0x4 ./Sources/TSS/TSS_SystemSetupData.o
                0x00005f0c                tss_fSensitivityLowLimitControl
 .rodata.tss_fDeltaNoiseAnalysisIIRControl
                0x00005f10        0x4 ./Sources/TSS/TSS_SystemSetupData.o
                0x00005f10                tss_fDeltaNoiseAnalysisIIRControl
 .rodata.tss_cu8BaselineInitLength
                0x00005f14        0x1 ./Sources/TSS/TSS_SystemSetupData.o
                0x00005f14                tss_cu8BaselineInitLength
 .rodata.tss_cu8AutoCalibInitLength
                0x00005f15        0x1 ./Sources/TSS/TSS_SystemSetupData.o
                0x00005f15                tss_cu8AutoCalibInitLength
 *fill*         0x00005f16        0x2 
 .rodata.tss_ci8DeltaNoiseAnalysisIIRWeights
                0x00005f18        0x4 ./Sources/TSS/TSS_SystemSetupData.o
                0x00005f18                tss_ci8DeltaNoiseAnalysisIIRWeights
 .rodata.tss_csKeyBasicASCContext
                0x00005f1c        0x8 ./Sources/TSS/TSS_SystemSetupData.o
                0x00005f1c                tss_csKeyBasicASCContext
 .rodata.tss_fKeyDetectorElectrodeEval
                0x00005f24        0x4 ./Sources/TSS/TSS_SystemSetupData.o
                0x00005f24                tss_fKeyDetectorElectrodeEval
 .rodata.tss_fKeyDetectorIntegrationResetEval
                0x00005f28        0x4 ./Sources/TSS/TSS_SystemSetupData.o
                0x00005f28                tss_fKeyDetectorIntegrationResetEval
 .rodata.tss_fKeyNoiseSchedulerInit
                0x00005f2c        0x4 ./Sources/TSS/TSS_SystemSetupData.o
                0x00005f2c                tss_fKeyNoiseSchedulerInit
 .rodata.tss_fKeyNoiseSchedulerRun
                0x00005f30        0x4 ./Sources/TSS/TSS_SystemSetupData.o
                0x00005f30                tss_fKeyNoiseSchedulerRun
 .rodata.tss_fGetSystemDataContext
                0x00005f34        0x4 ./Sources/TSS/TSS_SystemSetupData.o
                0x00005f34                tss_fGetSystemDataContext
 .rodata.main   0x00005f38       0x20 ./Sources/main.o
 .rodata.ChannelDevice
                0x00005f58        0x4 ./Generated_Code/TU1.o
 .rodata.ChannelMode
                0x00005f5c        0x4 ./Generated_Code/TU1.o
 .rodata.str1.1
                0x00005f60        0x2 c:/freescale/kds_3.0.0/toolchain/bin/../lib/gcc/arm-none-eabi/4.8.4/../../../../arm-none-eabi/lib/armv6-m\libg_s.a(lib_a-impure.o)
 *fill*         0x00005f62        0x2 
 .rodata._global_impure_ptr
                0x00005f64        0x4 c:/freescale/kds_3.0.0/toolchain/bin/../lib/gcc/arm-none-eabi/4.8.4/../../../../arm-none-eabi/lib/armv6-m\libg_s.a(lib_a-impure.o)
                0x00005f64                _global_impure_ptr
 *(.glue_7)
 .glue_7        0x00000000        0x0 linker stubs
 *(.glue_7t)
 .glue_7t       0x00000000        0x0 linker stubs
 *(.eh_frame)
 .eh_frame      0x00005f68        0x0 c:/freescale/kds_3.0.0/toolchain/bin/../lib/gcc/arm-none-eabi/4.8.4/armv6-m/crtbegin.o
 *(.init)
 .init          0x00005f68        0x4 c:/freescale/kds_3.0.0/toolchain/bin/../lib/gcc/arm-none-eabi/4.8.4/armv6-m/crti.o
                0x00005f68                _init
 .init          0x00005f6c        0x8 c:/freescale/kds_3.0.0/toolchain/bin/../lib/gcc/arm-none-eabi/4.8.4/armv6-m/crtn.o
 *(.fini)
 .fini          0x00005f74        0x4 c:/freescale/kds_3.0.0/toolchain/bin/../lib/gcc/arm-none-eabi/4.8.4/armv6-m/crti.o
                0x00005f74                _fini
 .fini          0x00005f78        0x8 c:/freescale/kds_3.0.0/toolchain/bin/../lib/gcc/arm-none-eabi/4.8.4/armv6-m/crtn.o
                0x00005f80                . = ALIGN (0x4)
                0x00005f80                _etext = .

.vfp11_veneer   0x00005f80        0x0
 .vfp11_veneer  0x00000000        0x0 linker stubs

.v4_bx          0x00005f80        0x0
 .v4_bx         0x00000000        0x0 linker stubs

.iplt           0x00005f80        0x0
 .iplt          0x00000000        0x0 c:/freescale/kds_3.0.0/toolchain/bin/../lib/gcc/arm-none-eabi/4.8.4/armv6-m/crtbegin.o

.ARM.extab
 *(.ARM.extab* .gnu.linkonce.armextab.*)

.ARM            0x00005f80        0x8
                0x00005f80                __exidx_start = .
 *(.ARM.exidx*)
 .ARM.exidx     0x00005f80        0x8 c:/freescale/kds_3.0.0/toolchain/bin/../lib/gcc/arm-none-eabi/4.8.4/../../../../arm-none-eabi/lib/armv6-m/crt0.o
                0x00005f88                __exidx_end = .

.rel.dyn        0x00005f88        0x0
 .rel.iplt      0x00000000        0x0 c:/freescale/kds_3.0.0/toolchain/bin/../lib/gcc/arm-none-eabi/4.8.4/armv6-m/crtbegin.o

.ctors          0x00005f88        0x0
                0x00005f88                __CTOR_LIST__ = .
 *crtbegin.o(.ctors)
 *(EXCLUDE_FILE(*crtend.o) .ctors)
 *(SORT(.ctors.*))
 *(.ctors)
                0x00005f88                __CTOR_END__ = .

.dtors          0x00005f88        0x0
                0x00005f88                __DTOR_LIST__ = .
 *crtbegin.o(.dtors)
 *(EXCLUDE_FILE(*crtend.o) .dtors)
 *(SORT(.dtors.*))
 *(.dtors)
                0x00005f88                __DTOR_END__ = .

.preinit_array  0x00005f88        0x0
                0x00005f88                PROVIDE (__preinit_array_start, .)
 *(.preinit_array*)
                0x00005f88                PROVIDE (__preinit_array_end, .)

.init_array     0x00005f88        0x4
                0x00005f88                PROVIDE (__init_array_start, .)
 *(SORT(.init_array.*))
 *(.init_array*)
 .init_array    0x00005f88        0x4 c:/freescale/kds_3.0.0/toolchain/bin/../lib/gcc/arm-none-eabi/4.8.4/armv6-m/crtbegin.o
                0x00005f8c                PROVIDE (__init_array_end, .)

.fini_array     0x00005f8c        0x4
                0x00005f8c                PROVIDE (__fini_array_start, .)
 *(SORT(.fini_array.*))
 *(.fini_array*)
 .fini_array    0x00005f8c        0x4 c:/freescale/kds_3.0.0/toolchain/bin/../lib/gcc/arm-none-eabi/4.8.4/armv6-m/crtbegin.o
                0x00005f90                PROVIDE (__fini_array_end, .)
                0x00005f90                ___ROM_AT = .

.mtb            0x1ffff000        0x0
                0x1ffff000                . = ALIGN (0x8)
                0x1ffff000                _mtb_start = .
 *(.mtb_buf)
                0x1ffff000                . = ALIGN (0x8)
                0x1ffff000                _mtb_end = .

.data           0x1ffff000       0x6c load address 0x00005f90
                0x1ffff000                . = ALIGN (0x4)
                0x1ffff000                _sdata = .
 *(.data)
 .data          0x1ffff000        0x1 E:\EEE226\Assesment_1\Sources\TSS\libTSS_KXX_M0.a(TSS_KeyDetector.o)
 *(.data*)
 *fill*         0x1ffff001        0x3 
 .data.TSS1_cKey0
                0x1ffff004        0x8 ./Sources/TSS/TSS_SystemSetupData.o
                0x1ffff004                TSS1_cKey0
 .data.impure_data
                0x1ffff00c       0x60 c:/freescale/kds_3.0.0/toolchain/bin/../lib/gcc/arm-none-eabi/4.8.4/../../../../arm-none-eabi/lib/armv6-m\libg_s.a(lib_a-impure.o)
                0x1ffff06c                . = ALIGN (0x4)
                0x1ffff06c                _edata = .
                0x0000006c                ___data_size = (_edata - _sdata)

.jcr            0x1ffff06c        0x0 load address 0x00005ffc
 .jcr           0x1ffff06c        0x0 c:/freescale/kds_3.0.0/toolchain/bin/../lib/gcc/arm-none-eabi/4.8.4/armv6-m/crtbegin.o

.igot.plt       0x1ffff06c        0x0 load address 0x00005ffc
 .igot.plt      0x00000000        0x0 c:/freescale/kds_3.0.0/toolchain/bin/../lib/gcc/arm-none-eabi/4.8.4/armv6-m/crtbegin.o
                0x1ffff06c                . = ALIGN (0x4)

.bss            0x1ffff06c      0x160 load address 0x00005ffc
                0x1ffff06c                __START_BSS = .
                0x1ffff06c                PROVIDE (__bss_start__, __START_BSS)
 *(.bss)
 .bss           0x1ffff06c       0x1c c:/freescale/kds_3.0.0/toolchain/bin/../lib/gcc/arm-none-eabi/4.8.4/armv6-m/crtbegin.o
 .bss           0x1ffff088        0x5 E:\EEE226\Assesment_1\Sources\TSS\libTSS_KXX_M0.a(TSS_KeyDetector.o)
 *fill*         0x1ffff08d        0x3 
 .bss           0x1ffff090        0x8 E:\EEE226\Assesment_1\Sources\TSS\libTSS_KXX_M0.a(TSS_Main.o)
 *(.bss*)
 .bss.TSS_TSIL0_METHOD_RAMDATA_CONTEXT
                0x1ffff098        0xc ./Sources/TSS/TSS_SensorTSIL.o
                0x1ffff098                TSS_TSIL0_METHOD_RAMDATA_CONTEXT
 .bss.TSS_C0_STRUCTURE_RAM_CONTEXT
                0x1ffff0a4        0x4 ./Sources/TSS/TSS_SystemSetupData.o
                0x1ffff0a4                TSS_C0_STRUCTURE_RAM_CONTEXT
 .bss.tss_apsControlPrivateData
                0x1ffff0a8        0x4 ./Sources/TSS/TSS_SystemSetupData.o
                0x1ffff0a8                tss_apsControlPrivateData
 .bss.DeviceDataPrv__DEFAULT_RTOS_ALLOC
                0x1ffff0ac        0xc ./Generated_Code/BLUE_LED.o
 .bss.DeviceDataPrv__DEFAULT_RTOS_ALLOC
                0x1ffff0b8        0xc ./Generated_Code/GREEN_LED.o
 .bss.PE_LDD_DeviceDataList
                0x1ffff0c4       0x14 ./Generated_Code/PE_LDD.o
                0x1ffff0c4                PE_LDD_DeviceDataList
 .bss.DeviceDataPrv__DEFAULT_RTOS_ALLOC
                0x1ffff0d8        0xc ./Generated_Code/RED_LED.o
 .bss.DeviceDataPrv__DEFAULT_RTOS_ALLOC
                0x1ffff0e4        0x8 ./Generated_Code/TU1.o
 .bss.DeviceDataPrv__DEFAULT_RTOS_ALLOC
                0x1ffff0ec        0x8 ./Generated_Code/TU2.o
 *(COMMON)
 COMMON         0x1ffff0f4       0x10 ./Sources/TSS/TSS_Sensor.o
                0x1ffff0f4                tss_u8SampleIntFlag
                0x1ffff0f8                tss_psElectrodeTimertAdr
                0x1ffff0fc                tss_u8ElectrodeBitNum
                0x1ffff100                tss_psElectrodeRGPIOAdr
 COMMON         0x1ffff104       0x20 ./Sources/TSS/TSS_SensorTSIL.o
                0x1ffff104                TSS_TSIL0_CHANNEL_COUNTER_BUFFER
 COMMON         0x1ffff124       0xa5 ./Sources/TSS/TSS_SystemSetupData.o
                0x1ffff124                tss_au8StuckCount
                0x1ffff126                tss_u8ConfCheckSum
                0x1ffff128                tss_au8Sensitivity
                0x1ffff12c                tss_ai8DeltaAmplitude
                0x1ffff130                tss_CSSys
                0x1ffff13c                tss_ai8MaxDeltaAmplitude
                0x1ffff140                tss_ai8SensitivityLowLimit
                0x1ffff144                tss_ai8InstantDelta
                0x1ffff148                TSS_C0_DELAY_BUFFER
                0x1ffff14c                tss_au16PrevCapSample
                0x1ffff150                TSS_C0_TREND_BUFFER
                0x1ffff170                tss_au8ControlScheduleCount
                0x1ffff174                TSS_C0_TREND_CONTEXT
                0x1ffff178                tss_au8TouchCount
                0x1ffff17c                tss_au8ElectrodeMeasured
                0x1ffff180                tss_au16InstantSignal
                0x1ffff184                tss_au8DebounceCount
                0x1ffff188                tss_au8ElectrodeStatus
                0x1ffff18c                tss_au8ElectrodeMarker
                0x1ffff190                tss_ai8NoiseAmplitude
                0x1ffff194                tss_asDeltaNoiseAnalysisIIRData
                0x1ffff1a0                tss_asAutoCalibrationData
                0x1ffff1a8                tss_au8ElecState
                0x1ffff1ac                TSS_C0_DELAY_CONTEXT
                0x1ffff1b0                tss_au8ElectrodeEnablers
                0x1ffff1b4                TSS_C0_POSFILTER_CONTEXT
                0x1ffff1b8                tss_au8ElectrodeDCTrackerEnablers
                0x1ffff1bc                tss_au16ElecBaseline
                0x1ffff1c0                tss_au8ReleaseCount
                0x1ffff1c4                tss_au8ElectrodeLowThresholdEnablers
                0x1ffff1c8                tss_ai8IntegrationDelta
 *fill*         0x1ffff1c9        0x1 
 COMMON         0x1ffff1ca        0x2 E:\EEE226\Assesment_1\Sources\TSS\libTSS_KXX_M0.a(TSS_KeyDetector.o)
                0x1ffff1ca                tss_u16CapSample
                0x1ffff1cc                . = ALIGN (0x4)
                0x1ffff1cc                __END_BSS = .
                0x1ffff1cc                PROVIDE (__bss_end__, __END_BSS)
                0x00005ffc                _romp_at = (___ROM_AT + SIZEOF (.data))

.romp           0x1ffff1cc       0x18 load address 0x00005ffc
                0x00005ffc                __S_romp = _romp_at
                0x1ffff1cc        0x4 LONG 0x5f90 ___ROM_AT
                0x1ffff1d0        0x4 LONG 0x1ffff000 _sdata
                0x1ffff1d4        0x4 LONG 0x6c ___data_size
                0x1ffff1d8        0x4 LONG 0x0
                0x1ffff1dc        0x4 LONG 0x0
                0x1ffff1e0        0x4 LONG 0x0

._user_heap_stack
                0x1ffff1e4      0x400 load address 0x00006014
                0x1ffff1e4                . = ALIGN (0x4)
                0x1ffff1e4                PROVIDE (end, .)
                0x1ffff1e4                PROVIDE (_end, .)
                0x1ffff1e4                __heap_addr = .
                0x1ffff1e4                __HeapBase = .
                0x1ffff1e4                . = (. + __heap_size)
                0x1ffff1e4                __HeapLimit = .
                0x1ffff5e4                . = (. + __stack_size)
 *fill*         0x1ffff1e4      0x400 
                0x1ffff5e4                . = ALIGN (0x4)

.ARM.attributes
                0x00000000       0x28
 *(.ARM.attributes)
 .ARM.attributes
                0x00000000       0x1e c:/freescale/kds_3.0.0/toolchain/bin/../lib/gcc/arm-none-eabi/4.8.4/armv6-m/crti.o
 .ARM.attributes
                0x0000001e       0x2c c:/freescale/kds_3.0.0/toolchain/bin/../lib/gcc/arm-none-eabi/4.8.4/armv6-m/crtbegin.o
 .ARM.attributes
                0x0000004a       0x1b c:/freescale/kds_3.0.0/toolchain/bin/../lib/gcc/arm-none-eabi/4.8.4/../../../../arm-none-eabi/lib/armv6-m/crt0.o
 .ARM.attributes
                0x00000065       0x32 ./Sources/TSS/TSS_Sensor.o
 .ARM.attributes
                0x00000097       0x32 ./Sources/TSS/TSS_SensorTSIL.o
 .ARM.attributes
                0x000000c9       0x32 ./Sources/TSS/TSS_SystemSetupData.o
 .ARM.attributes
                0x000000fb       0x32 ./Sources/Events.o
 .ARM.attributes
                0x0000012d       0x32 ./Sources/main.o
 .ARM.attributes
                0x0000015f       0x32 ./Project_Settings/Startup_Code/startup.o
 .ARM.attributes
                0x00000191       0x32 ./Generated_Code/BLUE_LED.o
 .ARM.attributes
                0x000001c3       0x32 ./Generated_Code/Cpu.o
 .ARM.attributes
                0x000001f5       0x32 ./Generated_Code/GREEN_LED.o
 .ARM.attributes
                0x00000227       0x32 ./Generated_Code/PE_LDD.o
 .ARM.attributes
                0x00000259       0x32 ./Generated_Code/RED_LED.o
 .ARM.attributes
                0x0000028b       0x32 ./Generated_Code/TSS1.o
 .ARM.attributes
                0x000002bd       0x32 ./Generated_Code/TU1.o
 .ARM.attributes
                0x000002ef       0x32 ./Generated_Code/TU2.o
 .ARM.attributes
                0x00000321       0x32 ./Generated_Code/Vectors.o
 .ARM.attributes
                0x00000353       0x31 E:\EEE226\Assesment_1\Sources\TSS\libTSS_KXX_M0.a(TSS_ASliderDecoder.o)
 .ARM.attributes
                0x00000384       0x31 E:\EEE226\Assesment_1\Sources\TSS\libTSS_KXX_M0.a(TSS_Filters.o)
 .ARM.attributes
                0x000003b5       0x31 E:\EEE226\Assesment_1\Sources\TSS\libTSS_KXX_M0.a(TSS_KeyDetectorNormal.o)
 .ARM.attributes
                0x000003e6       0x31 E:\EEE226\Assesment_1\Sources\TSS\libTSS_KXX_M0.a(TSS_KeyDetector.o)
 .ARM.attributes
                0x00000417       0x31 E:\EEE226\Assesment_1\Sources\TSS\libTSS_KXX_M0.a(TSS_Main.o)
 .ARM.attributes
                0x00000448       0x1e c:/freescale/kds_3.0.0/toolchain/bin/../lib/gcc/arm-none-eabi/4.8.4/armv6-m\libgcc.a(_thumb1_case_uqi.o)
 .ARM.attributes
                0x00000466       0x1e c:/freescale/kds_3.0.0/toolchain/bin/../lib/gcc/arm-none-eabi/4.8.4/armv6-m\libgcc.a(_udivsi3.o)
 .ARM.attributes
                0x00000484       0x1e c:/freescale/kds_3.0.0/toolchain/bin/../lib/gcc/arm-none-eabi/4.8.4/armv6-m\libgcc.a(_divsi3.o)
 .ARM.attributes
                0x000004a2       0x1e c:/freescale/kds_3.0.0/toolchain/bin/../lib/gcc/arm-none-eabi/4.8.4/armv6-m\libgcc.a(_dvmd_tls.o)
 .ARM.attributes
                0x000004c0       0x1e c:/freescale/kds_3.0.0/toolchain/bin/../lib/gcc/arm-none-eabi/4.8.4/armv6-m\libgcc.a(_arm_cmpsf2.o)
 .ARM.attributes
                0x000004de       0x2c c:/freescale/kds_3.0.0/toolchain/bin/../lib/gcc/arm-none-eabi/4.8.4/armv6-m\libgcc.a(addsf3.o)
 .ARM.attributes
                0x0000050a       0x2c c:/freescale/kds_3.0.0/toolchain/bin/../lib/gcc/arm-none-eabi/4.8.4/armv6-m\libgcc.a(eqsf2.o)
 .ARM.attributes
                0x00000536       0x2c c:/freescale/kds_3.0.0/toolchain/bin/../lib/gcc/arm-none-eabi/4.8.4/armv6-m\libgcc.a(gesf2.o)
 .ARM.attributes
                0x00000562       0x2c c:/freescale/kds_3.0.0/toolchain/bin/../lib/gcc/arm-none-eabi/4.8.4/armv6-m\libgcc.a(lesf2.o)
 .ARM.attributes
                0x0000058e       0x2c c:/freescale/kds_3.0.0/toolchain/bin/../lib/gcc/arm-none-eabi/4.8.4/armv6-m\libgcc.a(subsf3.o)
 .ARM.attributes
                0x000005ba       0x2c c:/freescale/kds_3.0.0/toolchain/bin/../lib/gcc/arm-none-eabi/4.8.4/armv6-m\libgcc.a(fixsfsi.o)
 .ARM.attributes
                0x000005e6       0x2c c:/freescale/kds_3.0.0/toolchain/bin/../lib/gcc/arm-none-eabi/4.8.4/armv6-m\libgcc.a(floatsisf.o)
 .ARM.attributes
                0x00000612       0x1e c:/freescale/kds_3.0.0/toolchain/bin/../lib/gcc/arm-none-eabi/4.8.4/armv6-m\libgcc.a(_clzsi2.o)
 .ARM.attributes
                0x00000630       0x2c c:/freescale/kds_3.0.0/toolchain/bin/../lib/gcc/arm-none-eabi/4.8.4/../../../../arm-none-eabi/lib/armv6-m\libg_s.a(lib_a-exit.o)
 .ARM.attributes
                0x0000065c       0x2c c:/freescale/kds_3.0.0/toolchain/bin/../lib/gcc/arm-none-eabi/4.8.4/../../../../arm-none-eabi/lib/armv6-m\libg_s.a(lib_a-impure.o)
 .ARM.attributes
                0x00000688       0x2c c:/freescale/kds_3.0.0/toolchain/bin/../lib/gcc/arm-none-eabi/4.8.4/../../../../arm-none-eabi/lib/armv6-m\libg_s.a(lib_a-init.o)
 .ARM.attributes
                0x000006b4       0x2c c:/freescale/kds_3.0.0/toolchain/bin/../lib/gcc/arm-none-eabi/4.8.4/../../../../arm-none-eabi/lib/armv6-m\libg_s.a(lib_a-memset.o)
 .ARM.attributes
                0x000006e0       0x2c c:/freescale/kds_3.0.0/toolchain/bin/../lib/gcc/arm-none-eabi/4.8.4/../../../../arm-none-eabi/lib/armv6-m\libnosys.a(_exit.o)
 .ARM.attributes
                0x0000070c       0x1e c:/freescale/kds_3.0.0/toolchain/bin/../lib/gcc/arm-none-eabi/4.8.4/armv6-m/crtn.o
OUTPUT(Assesment_1.elf elf32-littlearm)

.debug_info     0x00000000     0x5702
 .debug_info    0x00000000      0x4cc ./Sources/TSS/TSS_Sensor.o
 .debug_info    0x000004cc      0xf05 ./Sources/TSS/TSS_SensorTSIL.o
 .debug_info    0x000013d1     0x115a ./Sources/TSS/TSS_SystemSetupData.o
 .debug_info    0x0000252b      0x57c ./Sources/Events.o
 .debug_info    0x00002aa7      0x3e5 ./Sources/main.o
 .debug_info    0x00002e8c      0x20a ./Project_Settings/Startup_Code/startup.o
 .debug_info    0x00003096      0x27d ./Generated_Code/BLUE_LED.o
 .debug_info    0x00003313      0x842 ./Generated_Code/Cpu.o
 .debug_info    0x00003b55      0x27d ./Generated_Code/GREEN_LED.o
 .debug_info    0x00003dd2      0x251 ./Generated_Code/PE_LDD.o
 .debug_info    0x00004023      0x27d ./Generated_Code/RED_LED.o
 .debug_info    0x000042a0      0x5fc ./Generated_Code/TSS1.o
 .debug_info    0x0000489c      0x6ae ./Generated_Code/TU1.o
 .debug_info    0x00004f4a      0x6aa ./Generated_Code/TU2.o
 .debug_info    0x000055f4      0x10e ./Generated_Code/Vectors.o

.debug_abbrev   0x00000000     0x1261
 .debug_abbrev  0x00000000      0x139 ./Sources/TSS/TSS_Sensor.o
 .debug_abbrev  0x00000139      0x1df ./Sources/TSS/TSS_SensorTSIL.o
 .debug_abbrev  0x00000318      0x133 ./Sources/TSS/TSS_SystemSetupData.o
 .debug_abbrev  0x0000044b      0x12f ./Sources/Events.o
 .debug_abbrev  0x0000057a      0x128 ./Sources/main.o
 .debug_abbrev  0x000006a2      0x11e ./Project_Settings/Startup_Code/startup.o
 .debug_abbrev  0x000007c0      0x106 ./Generated_Code/BLUE_LED.o
 .debug_abbrev  0x000008c6      0x14f ./Generated_Code/Cpu.o
 .debug_abbrev  0x00000a15      0x106 ./Generated_Code/GREEN_LED.o
 .debug_abbrev  0x00000b1b      0x10d ./Generated_Code/PE_LDD.o
 .debug_abbrev  0x00000c28      0x106 ./Generated_Code/RED_LED.o
 .debug_abbrev  0x00000d2e      0x15f ./Generated_Code/TSS1.o
 .debug_abbrev  0x00000e8d      0x198 ./Generated_Code/TU1.o
 .debug_abbrev  0x00001025      0x198 ./Generated_Code/TU2.o
 .debug_abbrev  0x000011bd       0xa4 ./Generated_Code/Vectors.o

.debug_aranges  0x00000000      0x368
 .debug_aranges
                0x00000000       0x38 ./Sources/TSS/TSS_Sensor.o
 .debug_aranges
                0x00000038       0x78 ./Sources/TSS/TSS_SensorTSIL.o
 .debug_aranges
                0x000000b0       0x20 ./Sources/TSS/TSS_SystemSetupData.o
 .debug_aranges
                0x000000d0       0x38 ./Sources/Events.o
 .debug_aranges
                0x00000108       0x30 ./Sources/main.o
 .debug_aranges
                0x00000138       0x50 ./Project_Settings/Startup_Code/startup.o
 .debug_aranges
                0x00000188       0x38 ./Generated_Code/BLUE_LED.o
 .debug_aranges
                0x000001c0       0x38 ./Generated_Code/Cpu.o
 .debug_aranges
                0x000001f8       0x38 ./Generated_Code/GREEN_LED.o
 .debug_aranges
                0x00000230       0x30 ./Generated_Code/PE_LDD.o
 .debug_aranges
                0x00000260       0x38 ./Generated_Code/RED_LED.o
 .debug_aranges
                0x00000298       0x28 ./Generated_Code/TSS1.o
 .debug_aranges
                0x000002c0       0x48 ./Generated_Code/TU1.o
 .debug_aranges
                0x00000308       0x48 ./Generated_Code/TU2.o
 .debug_aranges
                0x00000350       0x18 ./Generated_Code/Vectors.o

.debug_ranges   0x00000000      0x270
 .debug_ranges  0x00000000       0x28 ./Sources/TSS/TSS_Sensor.o
 .debug_ranges  0x00000028       0x68 ./Sources/TSS/TSS_SensorTSIL.o
 .debug_ranges  0x00000090       0x10 ./Sources/TSS/TSS_SystemSetupData.o
 .debug_ranges  0x000000a0       0x28 ./Sources/Events.o
 .debug_ranges  0x000000c8       0x20 ./Sources/main.o
 .debug_ranges  0x000000e8       0x40 ./Project_Settings/Startup_Code/startup.o
 .debug_ranges  0x00000128       0x28 ./Generated_Code/BLUE_LED.o
 .debug_ranges  0x00000150       0x28 ./Generated_Code/Cpu.o
 .debug_ranges  0x00000178       0x28 ./Generated_Code/GREEN_LED.o
 .debug_ranges  0x000001a0       0x20 ./Generated_Code/PE_LDD.o
 .debug_ranges  0x000001c0       0x28 ./Generated_Code/RED_LED.o
 .debug_ranges  0x000001e8       0x18 ./Generated_Code/TSS1.o
 .debug_ranges  0x00000200       0x38 ./Generated_Code/TU1.o
 .debug_ranges  0x00000238       0x38 ./Generated_Code/TU2.o

.debug_macro    0x00000000     0xc0f0
 .debug_macro   0x00000000       0xe7 ./Sources/TSS/TSS_Sensor.o
 .debug_macro   0x000000e7     0x158b ./Sources/TSS/TSS_Sensor.o
 .debug_macro   0x00001672       0x50 ./Sources/TSS/TSS_Sensor.o
 .debug_macro   0x000016c2       0x19 ./Sources/TSS/TSS_Sensor.o
 .debug_macro   0x000016db       0x2d ./Sources/TSS/TSS_Sensor.o
 .debug_macro   0x00001708     0x1247 ./Sources/TSS/TSS_Sensor.o
 .debug_macro   0x0000294f       0xed ./Sources/TSS/TSS_SensorTSIL.o
 .debug_macro   0x00002a3c     0x1241 ./Sources/TSS/TSS_SensorTSIL.o
 .debug_macro   0x00003c7d       0x26 ./Sources/TSS/TSS_SensorTSIL.o
 .debug_macro   0x00003ca3      0x144 ./Sources/TSS/TSS_SystemSetupData.o
 .debug_macro   0x00003de7      0x155 ./Sources/Events.o
 .debug_macro   0x00003f3c       0x94 ./Sources/Events.o
 .debug_macro   0x00003fd0      0x1d6 ./Sources/Events.o
 .debug_macro   0x000041a6       0x7b ./Sources/Events.o
 .debug_macro   0x00004221       0x2f ./Sources/Events.o
 .debug_macro   0x00004250       0x35 ./Sources/Events.o
 .debug_macro   0x00004285       0x7a ./Sources/Events.o
 .debug_macro   0x000042ff       0x2f ./Sources/Events.o
 .debug_macro   0x0000432e      0x155 ./Sources/main.o
 .debug_macro   0x00004483      0x12f ./Project_Settings/Startup_Code/startup.o
 .debug_macro   0x000045b2       0x58 ./Project_Settings/Startup_Code/startup.o
 .debug_macro   0x0000460a       0x35 ./Project_Settings/Startup_Code/startup.o
 .debug_macro   0x0000463f       0xa2 ./Project_Settings/Startup_Code/startup.o
 .debug_macro   0x000046e1      0x166 ./Project_Settings/Startup_Code/startup.o
 .debug_macro   0x00004847       0x4a ./Project_Settings/Startup_Code/startup.o
 .debug_macro   0x00004891       0x52 ./Project_Settings/Startup_Code/startup.o
 .debug_macro   0x000048e3       0x16 ./Project_Settings/Startup_Code/startup.o
 .debug_macro   0x000048f9       0x43 ./Project_Settings/Startup_Code/startup.o
 .debug_macro   0x0000493c      0x180 ./Project_Settings/Startup_Code/startup.o
 .debug_macro   0x00004abc      0x2a6 ./Project_Settings/Startup_Code/startup.o
 .debug_macro   0x00004d62       0x10 ./Project_Settings/Startup_Code/startup.o
 .debug_macro   0x00004d72       0x35 ./Project_Settings/Startup_Code/startup.o
 .debug_macro   0x00004da7       0x1f ./Project_Settings/Startup_Code/startup.o
 .debug_macro   0x00004dc6       0x16 ./Project_Settings/Startup_Code/startup.o
 .debug_macro   0x00004ddc       0x16 ./Project_Settings/Startup_Code/startup.o
 .debug_macro   0x00004df2       0x29 ./Project_Settings/Startup_Code/startup.o
 .debug_macro   0x00004e1b       0x10 ./Project_Settings/Startup_Code/startup.o
 .debug_macro   0x00004e2b      0x20f ./Project_Settings/Startup_Code/startup.o
 .debug_macro   0x0000503a     0x6685 ./Project_Settings/Startup_Code/startup.o
 .debug_macro   0x0000b6bf       0xbb ./Generated_Code/BLUE_LED.o
 .debug_macro   0x0000b77a       0x9a ./Generated_Code/BLUE_LED.o
 .debug_macro   0x0000b814       0x74 ./Generated_Code/BLUE_LED.o
 .debug_macro   0x0000b888      0x164 ./Generated_Code/Cpu.o
 .debug_macro   0x0000b9ec       0xbd ./Generated_Code/GREEN_LED.o
 .debug_macro   0x0000baa9       0x2f ./Generated_Code/GREEN_LED.o
 .debug_macro   0x0000bad8      0x137 ./Generated_Code/PE_LDD.o
 .debug_macro   0x0000bc0f       0xbd ./Generated_Code/RED_LED.o
 .debug_macro   0x0000bccc      0x153 ./Generated_Code/TSS1.o
 .debug_macro   0x0000be1f       0xb9 ./Generated_Code/TU1.o
 .debug_macro   0x0000bed8       0xb4 ./Generated_Code/TU2.o
 .debug_macro   0x0000bf8c      0x164 ./Generated_Code/Vectors.o

.debug_line     0x00000000     0x3365
 .debug_line    0x00000000      0x313 ./Sources/TSS/TSS_Sensor.o
 .debug_line    0x00000313      0x591 ./Sources/TSS/TSS_SensorTSIL.o
 .debug_line    0x000008a4      0x2c1 ./Sources/TSS/TSS_SystemSetupData.o
 .debug_line    0x00000b65      0x392 ./Sources/Events.o
 .debug_line    0x00000ef7      0x40e ./Sources/main.o
 .debug_line    0x00001305      0x3b7 ./Project_Settings/Startup_Code/startup.o
 .debug_line    0x000016bc      0x29c ./Generated_Code/BLUE_LED.o
 .debug_line    0x00001958      0x43b ./Generated_Code/Cpu.o
 .debug_line    0x00001d93      0x29e ./Generated_Code/GREEN_LED.o
 .debug_line    0x00002031      0x38e ./Generated_Code/PE_LDD.o
 .debug_line    0x000023bf      0x29a ./Generated_Code/RED_LED.o
 .debug_line    0x00002659      0x380 ./Generated_Code/TSS1.o
 .debug_line    0x000029d9      0x2e1 ./Generated_Code/TU1.o
 .debug_line    0x00002cba      0x2e2 ./Generated_Code/TU2.o
 .debug_line    0x00002f9c      0x3c9 ./Generated_Code/Vectors.o

.debug_str      0x00000000    0x4a24f
 .debug_str     0x00000000    0x42bcd ./Sources/TSS/TSS_Sensor.o
                              0x42fe3 (size before relaxing)
 .debug_str     0x00042bcd      0xc4b ./Sources/TSS/TSS_SensorTSIL.o
                              0x40917 (size before relaxing)
 .debug_str     0x00043818     0x127a ./Sources/TSS/TSS_SystemSetupData.o
                              0x388cc (size before relaxing)
 .debug_str     0x00044a92     0x26a1 ./Sources/Events.o
                              0x3a068 (size before relaxing)
 .debug_str     0x00047133       0x84 ./Sources/main.o
                              0x39c57 (size before relaxing)
 .debug_str     0x000471b7     0x2693 ./Project_Settings/Startup_Code/startup.o
                              0x27377 (size before relaxing)
 .debug_str     0x0004984a      0x110 ./Generated_Code/BLUE_LED.o
                              0x2ddbc (size before relaxing)
 .debug_str     0x0004995a      0x291 ./Generated_Code/Cpu.o
                              0x39d7c (size before relaxing)
 .debug_str     0x00049beb       0x6c ./Generated_Code/GREEN_LED.o
                              0x2dde4 (size before relaxing)
 .debug_str     0x00049c57      0x177 ./Generated_Code/PE_LDD.o
                              0x39c30 (size before relaxing)
 .debug_str     0x00049dce       0x62 ./Generated_Code/RED_LED.o
                              0x2ddc8 (size before relaxing)
 .debug_str     0x00049e30      0x125 ./Generated_Code/TSS1.o
                              0x3a09b (size before relaxing)
 .debug_str     0x00049f55      0x1df ./Generated_Code/TU1.o
                              0x2dece (size before relaxing)
 .debug_str     0x0004a134       0xff ./Generated_Code/TU2.o
                              0x2dea0 (size before relaxing)
 .debug_str     0x0004a233       0x1c ./Generated_Code/Vectors.o
                              0x39ac3 (size before relaxing)

.comment        0x00000000       0xe9
 .comment       0x00000000       0x70 ./Sources/TSS/TSS_Sensor.o
                                 0x71 (size before relaxing)
 .comment       0x00000000       0x71 ./Sources/TSS/TSS_SensorTSIL.o
 .comment       0x00000000       0x71 ./Sources/TSS/TSS_SystemSetupData.o
 .comment       0x00000000       0x71 ./Sources/Events.o
 .comment       0x00000000       0x71 ./Sources/main.o
 .comment       0x00000000       0x71 ./Project_Settings/Startup_Code/startup.o
 .comment       0x00000000       0x71 ./Generated_Code/BLUE_LED.o
 .comment       0x00000000       0x71 ./Generated_Code/Cpu.o
 .comment       0x00000000       0x71 ./Generated_Code/GREEN_LED.o
 .comment       0x00000000       0x71 ./Generated_Code/PE_LDD.o
 .comment       0x00000000       0x71 ./Generated_Code/RED_LED.o
 .comment       0x00000000       0x71 ./Generated_Code/TSS1.o
 .comment       0x00000000       0x71 ./Generated_Code/TU1.o
 .comment       0x00000000       0x71 ./Generated_Code/TU2.o
 .comment       0x00000000       0x71 ./Generated_Code/Vectors.o
 .comment       0x00000070       0x79 E:\EEE226\Assesment_1\Sources\TSS\libTSS_KXX_M0.a(TSS_ASliderDecoder.o)
                                 0x7a (size before relaxing)
 .comment       0x00000000       0x7a E:\EEE226\Assesment_1\Sources\TSS\libTSS_KXX_M0.a(TSS_Filters.o)
 .comment       0x00000000       0x7a E:\EEE226\Assesment_1\Sources\TSS\libTSS_KXX_M0.a(TSS_KeyDetectorNormal.o)
 .comment       0x00000000       0x7a E:\EEE226\Assesment_1\Sources\TSS\libTSS_KXX_M0.a(TSS_KeyDetector.o)
 .comment       0x00000000       0x7a E:\EEE226\Assesment_1\Sources\TSS\libTSS_KXX_M0.a(TSS_Main.o)

.debug_frame    0x00000000      0xaac
 .debug_frame   0x00000000       0x90 ./Sources/TSS/TSS_Sensor.o
 .debug_frame   0x00000090      0x190 ./Sources/TSS/TSS_SensorTSIL.o
 .debug_frame   0x00000220       0x30 ./Sources/TSS/TSS_SystemSetupData.o
 .debug_frame   0x00000250       0x88 ./Sources/Events.o
 .debug_frame   0x000002d8       0x70 ./Sources/main.o
 .debug_frame   0x00000348       0xd0 ./Project_Settings/Startup_Code/startup.o
 .debug_frame   0x00000418       0x90 ./Generated_Code/BLUE_LED.o
 .debug_frame   0x000004a8       0x80 ./Generated_Code/Cpu.o
 .debug_frame   0x00000528       0x90 ./Generated_Code/GREEN_LED.o
 .debug_frame   0x000005b8       0x6c ./Generated_Code/PE_LDD.o
 .debug_frame   0x00000624       0x90 ./Generated_Code/RED_LED.o
 .debug_frame   0x000006b4       0x4c ./Generated_Code/TSS1.o
 .debug_frame   0x00000700       0xd0 ./Generated_Code/TU1.o
 .debug_frame   0x000007d0       0xd0 ./Generated_Code/TU2.o
 .debug_frame   0x000008a0       0x20 c:/freescale/kds_3.0.0/toolchain/bin/../lib/gcc/arm-none-eabi/4.8.4/armv6-m\libgcc.a(_udivsi3.o)
 .debug_frame   0x000008c0       0x20 c:/freescale/kds_3.0.0/toolchain/bin/../lib/gcc/arm-none-eabi/4.8.4/armv6-m\libgcc.a(_divsi3.o)
 .debug_frame   0x000008e0       0x30 c:/freescale/kds_3.0.0/toolchain/bin/../lib/gcc/arm-none-eabi/4.8.4/armv6-m\libgcc.a(addsf3.o)
 .debug_frame   0x00000910       0x2c c:/freescale/kds_3.0.0/toolchain/bin/../lib/gcc/arm-none-eabi/4.8.4/armv6-m\libgcc.a(eqsf2.o)
 .debug_frame   0x0000093c       0x30 c:/freescale/kds_3.0.0/toolchain/bin/../lib/gcc/arm-none-eabi/4.8.4/armv6-m\libgcc.a(gesf2.o)
 .debug_frame   0x0000096c       0x30 c:/freescale/kds_3.0.0/toolchain/bin/../lib/gcc/arm-none-eabi/4.8.4/armv6-m\libgcc.a(lesf2.o)
 .debug_frame   0x0000099c       0x30 c:/freescale/kds_3.0.0/toolchain/bin/../lib/gcc/arm-none-eabi/4.8.4/armv6-m\libgcc.a(subsf3.o)
 .debug_frame   0x000009cc       0x20 c:/freescale/kds_3.0.0/toolchain/bin/../lib/gcc/arm-none-eabi/4.8.4/armv6-m\libgcc.a(fixsfsi.o)
 .debug_frame   0x000009ec       0x2c c:/freescale/kds_3.0.0/toolchain/bin/../lib/gcc/arm-none-eabi/4.8.4/armv6-m\libgcc.a(floatsisf.o)
 .debug_frame   0x00000a18       0x28 c:/freescale/kds_3.0.0/toolchain/bin/../lib/gcc/arm-none-eabi/4.8.4/../../../../arm-none-eabi/lib/armv6-m\libg_s.a(lib_a-exit.o)
 .debug_frame   0x00000a40       0x2c c:/freescale/kds_3.0.0/toolchain/bin/../lib/gcc/arm-none-eabi/4.8.4/../../../../arm-none-eabi/lib/armv6-m\libg_s.a(lib_a-init.o)
 .debug_frame   0x00000a6c       0x20 c:/freescale/kds_3.0.0/toolchain/bin/../lib/gcc/arm-none-eabi/4.8.4/../../../../arm-none-eabi/lib/armv6-m\libg_s.a(lib_a-memset.o)
 .debug_frame   0x00000a8c       0x20 c:/freescale/kds_3.0.0/toolchain/bin/../lib/gcc/arm-none-eabi/4.8.4/../../../../arm-none-eabi/lib/armv6-m\libnosys.a(_exit.o)
